---
source: crates/engine/src/parser/oracle_ir/snapshot_tests.rs
expression: "&ir"
---
{
  "items": [
    {
      "id": 0,
      "source": {
        "id": {
          "item": 0,
          "ordinal": 0
        },
        "span": {
          "first_line": 0,
          "last_line": 0,
          "start_byte": 0,
          "end_byte": 5,
          "precision": "Exact",
          "ordinal_within_span": 0
        },
        "fragment": "Haste"
      },
      "node": {
        "Unsupported": {
          "unsupported": {
            "category": "Unknown",
            "fragment": "Haste",
            "description": "Haste"
          },
          "min_x_value": 0
        }
      }
    },
    {
      "id": 1,
      "source": {
        "id": {
          "item": 1,
          "ordinal": 0
        },
        "span": {
          "first_line": 1,
          "last_line": 1,
          "start_byte": 6,
          "end_byte": 95,
          "precision": "Exact",
          "ordinal_within_span": 0
        },
        "fragment": "Whenever ~ attacks, exile the top card of your library face down. (You can't look at it.)"
      },
      "node": {
        "Trigger": {
          "Parsed": {
            "condition": "Attacks",
            "partial_def": {
              "mode": "Attacks",
              "execute": null,
              "valid_card": {
                "type": "SelfRef"
              },
              "origin": null,
              "destination": null,
              "trigger_zones": [
                "Battlefield"
              ],
              "phase": null,
              "optional": false,
              "damage_kind": "Any",
              "secondary": false,
              "valid_target": null,
              "valid_source": null,
              "description": null,
              "constraint": null,
              "condition": null,
              "batched": false
            },
            "body": {
              "EffectChain": {
                "clauses": [
                  {
                    "id": 0,
                    "source": {
                      "id": {
                        "item": 0,
                        "ordinal": 1
                      },
                      "span": {
                        "first_line": 0,
                        "last_line": 0,
                        "start_byte": 0,
                        "end_byte": 44,
                        "precision": "ChainRelative",
                        "ordinal_within_span": 0
                      },
                      "fragment": "exile the top card of your library face down"
                    },
                    "disposition": {
                      "Emit": {
                        "followup": null,
                        "intrinsic": null
                      }
                    },
                    "parsed": {
                      "effect": {
                        "type": "ExileTop",
                        "player": {
                          "type": "Controller"
                        },
                        "count": {
                          "type": "Fixed",
                          "value": 1
                        },
                        "position": {
                          "type": "Top"
                        },
                        "face_down": true
                      },
                      "duration": null,
                      "sub_ability": null,
                      "distribute": null,
                      "multi_target": null,
                      "condition": null,
                      "optional": false,
                      "unless_pay": null
                    },
                    "boundary": null,
                    "condition": null,
                    "is_optional": false,
                    "opponent_may_scope": null,
                    "repeat_for": null,
                    "player_scope": null,
                    "starting_with": null,
                    "delayed_condition": null,
                    "prefix_delayed_condition": null,
                    "multi_target": null,
                    "where_x_expression": null,
                    "unless_pay": null
                  }
                ],
                "kind": "Spell",
                "continuation_kind": null,
                "player_scope_rewrite": "Apply",
                "chain_rounding": null,
                "actor": null,
                "in_trigger": true,
                "repeat_until": null
              }
            },
            "modifiers": {
              "optional": false,
              "unless_pay": null,
              "intervening_if": null,
              "trigger_subject": {
                "type": "SelfRef"
              },
              "first_time_limit": null,
              "constraint": null,
              "has_up_to": false,
              "effect_lower": "exile the top card of your library face down.",
              "relative_player_scope": null
            },
            "source_text": "Whenever ~ attacks, exile the top card of your library face down.",
            "die_results": []
          }
        }
      }
    },
    {
      "id": 2,
      "source": {
        "id": {
          "item": 2,
          "ordinal": 0
        },
        "span": {
          "first_line": 2,
          "last_line": 2,
          "start_byte": 96,
          "end_byte": 186,
          "precision": "Exact",
          "ordinal_within_span": 0
        },
        "fragment": "{R}, Discard your hand, Sacrifice ~: Put all cards exiled with ~ into their owners' hands."
      },
      "node": {
        "Spell": {
          "source_text": "Put all cards exiled with ~ into their owners' hands",
          "body": {
            "clauses": [
              {
                "id": 0,
                "source": {
                  "id": {
                    "item": 0,
                    "ordinal": 1
                  },
                  "span": {
                    "first_line": 0,
                    "last_line": 0,
                    "start_byte": 0,
                    "end_byte": 52,
                    "precision": "ChainRelative",
                    "ordinal_within_span": 0
                  },
                  "fragment": "Put all cards exiled with ~ into their owners' hands"
                },
                "disposition": {
                  "Emit": {
                    "followup": null,
                    "intrinsic": null
                  }
                },
                "parsed": {
                  "effect": {
                    "type": "ChangeZoneAll",
                    "origin": "Exile",
                    "destination": "Hand",
                    "target": {
                      "type": "ExiledBySource"
                    }
                  },
                  "duration": null,
                  "sub_ability": null,
                  "distribute": null,
                  "multi_target": null,
                  "condition": null,
                  "optional": false,
                  "unless_pay": null
                },
                "boundary": null,
                "condition": null,
                "is_optional": false,
                "opponent_may_scope": null,
                "repeat_for": null,
                "player_scope": null,
                "starting_with": null,
                "delayed_condition": null,
                "prefix_delayed_condition": null,
                "multi_target": null,
                "where_x_expression": null,
                "unless_pay": null
              }
            ],
            "kind": "Activated",
            "continuation_kind": null,
            "player_scope_rewrite": "Apply",
            "chain_rounding": null,
            "actor": null,
            "in_trigger": false,
            "repeat_until": null
          },
          "shell": {
            "sub_link": null,
            "cost": {
              "type": "Composite",
              "costs": [
                {
                  "type": "Mana",
                  "cost": {
                    "type": "Cost",
                    "shards": [
                      "Red"
                    ],
                    "generic": 0
                  }
                },
                {
                  "type": "Discard",
                  "count": {
                    "type": "Ref",
                    "qty": {
                      "type": "HandSize",
                      "player": {
                        "type": "Controller"
                      }
                    }
                  },
                  "filter": null,
                  "random": false,
                  "self_ref": false
                },
                {
                  "type": "Sacrifice",
                  "target": {
                    "type": "SelfRef"
                  },
                  "count": 1
                }
              ]
            },
            "description": "{R}, Discard your hand, Sacrifice ~: Put all cards exiled with ~ into their owners' hands.",
            "stages": [
              "NormalizeActivatedManaInstead",
              "ExtractCostReduction",
              "ExtractManaSpendTrigger"
            ]
          },
          "die_results": [],
          "root_transforms": []
        }
      }
    }
  ],
  "source_text": "Haste\nWhenever this creature attacks, exile the top card of your library face down. (You can't look at it.)\n{R}, Discard your hand, Sacrifice this creature: Put all cards exiled with this creature into their owners' hands.",
  "card_name": "Bomat Courier"
}
