---
source: crates/engine/src/parser/oracle_ir/snapshot_tests.rs
expression: "&ir"
---
{
  "items": [
    {
      "id": 0,
      "source": {
        "id": {
          "item": 0,
          "ordinal": 0
        },
        "span": {
          "first_line": 0,
          "last_line": 0,
          "start_byte": 0,
          "end_byte": 37,
          "precision": "Exact",
          "ordinal_within_span": 0
        },
        "fragment": "~ enters with X +1/+1 counters on it."
      },
      "node": {
        "Replacement": {
          "definition": {
            "event": "Moved",
            "execute": {
              "kind": "Spell",
              "effect": {
                "type": "PutCounter",
                "counter_type": "P1P1",
                "count": {
                  "type": "Ref",
                  "qty": {
                    "type": "CostXPaid"
                  }
                },
                "target": {
                  "type": "SelfRef"
                }
              },
              "cost": null,
              "sub_ability": null,
              "duration": null,
              "description": null,
              "target_prompt": null,
              "condition": null,
              "optional_targeting": false,
              "optional": false,
              "forward_result": false
            },
            "mode": {
              "type": "Mandatory"
            },
            "valid_card": {
              "type": "SelfRef"
            },
            "description": "~ enters with X +1/+1 counters on it.",
            "condition": null,
            "destination_zone": "Battlefield"
          },
          "source_text": "~ enters with X +1/+1 counters on it.",
          "execute_ir": null
        }
      }
    },
    {
      "id": 1,
      "source": {
        "id": {
          "item": 1,
          "ordinal": 0
        },
        "span": {
          "first_line": 1,
          "last_line": 1,
          "start_byte": 38,
          "end_byte": 68,
          "precision": "Exact",
          "ordinal_within_span": 0
        },
        "fragment": "{4}: Put a +1/+1 counter on ~."
      },
      "node": {
        "Spell": {
          "source_text": "Put a +1/+1 counter on ~",
          "body": {
            "clauses": [
              {
                "id": 0,
                "source": {
                  "id": {
                    "item": 0,
                    "ordinal": 1
                  },
                  "span": {
                    "first_line": 0,
                    "last_line": 0,
                    "start_byte": 0,
                    "end_byte": 24,
                    "precision": "ChainRelative",
                    "ordinal_within_span": 0
                  },
                  "fragment": "Put a +1/+1 counter on ~"
                },
                "disposition": {
                  "Emit": {
                    "followup": null,
                    "intrinsic": null
                  }
                },
                "parsed": {
                  "effect": {
                    "type": "PutCounter",
                    "counter_type": "P1P1",
                    "count": {
                      "type": "Fixed",
                      "value": 1
                    },
                    "target": {
                      "type": "SelfRef"
                    }
                  },
                  "duration": null,
                  "sub_ability": null,
                  "distribute": null,
                  "multi_target": null,
                  "condition": null,
                  "optional": false,
                  "unless_pay": null
                },
                "boundary": null,
                "condition": null,
                "is_optional": false,
                "opponent_may_scope": null,
                "repeat_for": null,
                "player_scope": null,
                "starting_with": null,
                "delayed_condition": null,
                "prefix_delayed_condition": null,
                "multi_target": null,
                "where_x_expression": null,
                "unless_pay": null
              }
            ],
            "kind": "Activated",
            "continuation_kind": null,
            "player_scope_rewrite": "Apply",
            "chain_rounding": null,
            "actor": null,
            "in_trigger": false,
            "repeat_until": null
          },
          "shell": {
            "sub_link": null,
            "cost": {
              "type": "Mana",
              "cost": {
                "type": "Cost",
                "shards": [],
                "generic": 4
              }
            },
            "description": "{4}: Put a +1/+1 counter on ~.",
            "stages": [
              "NormalizeActivatedManaInstead",
              "ExtractCostReduction",
              "ExtractManaSpendTrigger"
            ]
          },
          "die_results": [],
          "root_transforms": []
        }
      }
    },
    {
      "id": 2,
      "source": {
        "id": {
          "item": 2,
          "ordinal": 0
        },
        "span": {
          "first_line": 2,
          "last_line": 2,
          "start_byte": 69,
          "end_byte": 132,
          "precision": "Exact",
          "ordinal_within_span": 0
        },
        "fragment": "Remove a +1/+1 counter from ~: It deals 1 damage to any target."
      },
      "node": {
        "Spell": {
          "source_text": "It deals 1 damage to any target",
          "body": {
            "clauses": [
              {
                "id": 0,
                "source": {
                  "id": {
                    "item": 0,
                    "ordinal": 1
                  },
                  "span": {
                    "first_line": 0,
                    "last_line": 0,
                    "start_byte": 0,
                    "end_byte": 31,
                    "precision": "ChainRelative",
                    "ordinal_within_span": 0
                  },
                  "fragment": "It deals 1 damage to any target"
                },
                "disposition": {
                  "Emit": {
                    "followup": null,
                    "intrinsic": null
                  }
                },
                "parsed": {
                  "effect": {
                    "type": "DealDamage",
                    "amount": {
                      "type": "Fixed",
                      "value": 1
                    },
                    "target": {
                      "type": "Any"
                    }
                  },
                  "duration": null,
                  "sub_ability": null,
                  "distribute": null,
                  "multi_target": null,
                  "condition": null,
                  "optional": false,
                  "unless_pay": null
                },
                "boundary": null,
                "condition": null,
                "is_optional": false,
                "opponent_may_scope": null,
                "repeat_for": null,
                "player_scope": null,
                "starting_with": null,
                "delayed_condition": null,
                "prefix_delayed_condition": null,
                "multi_target": null,
                "where_x_expression": null,
                "unless_pay": null
              }
            ],
            "kind": "Activated",
            "continuation_kind": null,
            "player_scope_rewrite": "Apply",
            "chain_rounding": null,
            "actor": null,
            "in_trigger": false,
            "repeat_until": null
          },
          "shell": {
            "sub_link": null,
            "cost": {
              "type": "RemoveCounter",
              "count": 1,
              "counter_type": {
                "type": "OfType",
                "data": "P1P1"
              },
              "target": null,
              "selection": "SingleObject"
            },
            "description": "Remove a +1/+1 counter from ~: It deals 1 damage to any target.",
            "stages": [
              "NormalizeActivatedManaInstead",
              "ExtractCostReduction",
              "ExtractManaSpendTrigger"
            ]
          },
          "die_results": [],
          "root_transforms": []
        }
      }
    }
  ],
  "source_text": "This creature enters with X +1/+1 counters on it.\n{4}: Put a +1/+1 counter on this creature.\nRemove a +1/+1 counter from this creature: It deals 1 damage to any target.",
  "card_name": "Walking Ballista"
}
