---
source: crates/engine/src/parser/oracle_ir/snapshot_tests.rs
expression: "&ir"
---
{
  "items": [
    {
      "id": 0,
      "source": {
        "id": {
          "item": 0,
          "ordinal": 0
        },
        "span": {
          "first_line": 0,
          "last_line": 0,
          "start_byte": 0,
          "end_byte": 13,
          "precision": "Exact",
          "ordinal_within_span": 0
        },
        "fragment": "{T}: Add {C}."
      },
      "node": {
        "Spell": {
          "source_text": "Add {C}",
          "body": {
            "clauses": [
              {
                "id": 0,
                "source": {
                  "id": {
                    "item": 0,
                    "ordinal": 1
                  },
                  "span": {
                    "first_line": 0,
                    "last_line": 0,
                    "start_byte": 0,
                    "end_byte": 7,
                    "precision": "ChainRelative",
                    "ordinal_within_span": 0
                  },
                  "fragment": "Add {C}"
                },
                "disposition": {
                  "Emit": {
                    "followup": null,
                    "intrinsic": null
                  }
                },
                "parsed": {
                  "effect": {
                    "type": "Mana",
                    "produced": {
                      "type": "Colorless",
                      "count": {
                        "type": "Fixed",
                        "value": 1
                      }
                    }
                  },
                  "duration": null,
                  "sub_ability": null,
                  "distribute": null,
                  "multi_target": null,
                  "condition": null,
                  "optional": false,
                  "unless_pay": null
                },
                "boundary": null,
                "condition": null,
                "is_optional": false,
                "opponent_may_scope": null,
                "repeat_for": null,
                "player_scope": null,
                "starting_with": null,
                "delayed_condition": null,
                "prefix_delayed_condition": null,
                "multi_target": null,
                "where_x_expression": null,
                "unless_pay": null
              }
            ],
            "kind": "Activated",
            "continuation_kind": null,
            "player_scope_rewrite": "Apply",
            "chain_rounding": null,
            "actor": null,
            "in_trigger": false,
            "repeat_until": null
          },
          "shell": {
            "sub_link": null,
            "cost": {
              "type": "Tap"
            },
            "description": "{T}: Add {C}.",
            "stages": [
              "NormalizeActivatedManaInstead",
              "ExtractCostReduction",
              "ExtractManaSpendTrigger"
            ]
          },
          "die_results": [],
          "root_transforms": []
        }
      }
    },
    {
      "id": 1,
      "source": {
        "id": {
          "item": 1,
          "ordinal": 0
        },
        "span": {
          "first_line": 1,
          "last_line": 1,
          "start_byte": 14,
          "end_byte": 84,
          "precision": "Exact",
          "ordinal_within_span": 0
        },
        "fragment": "{2}, {T}: ~ becomes a copy of target land, except it has this ability."
      },
      "node": {
        "Spell": {
          "source_text": "~ becomes a copy of target land, except it has this ability",
          "body": {
            "clauses": [
              {
                "id": 0,
                "source": {
                  "id": {
                    "item": 0,
                    "ordinal": 1
                  },
                  "span": {
                    "first_line": 0,
                    "last_line": 0,
                    "start_byte": 0,
                    "end_byte": 59,
                    "precision": "ChainRelative",
                    "ordinal_within_span": 0
                  },
                  "fragment": "~ becomes a copy of target land, except it has this ability"
                },
                "disposition": {
                  "Emit": {
                    "followup": null,
                    "intrinsic": null
                  }
                },
                "parsed": {
                  "effect": {
                    "type": "BecomeCopy",
                    "target": {
                      "type": "Typed",
                      "type_filters": [
                        "Land"
                      ],
                      "controller": null,
                      "properties": []
                    },
                    "duration": "Permanent",
                    "additional_modifications": [
                      {
                        "type": "RetainPrintedAbilityFromSource",
                        "source_ability_index": 0
                      }
                    ]
                  },
                  "duration": "Permanent",
                  "sub_ability": null,
                  "distribute": null,
                  "multi_target": null,
                  "condition": null,
                  "optional": false,
                  "unless_pay": null
                },
                "boundary": null,
                "condition": null,
                "is_optional": false,
                "opponent_may_scope": null,
                "repeat_for": null,
                "player_scope": null,
                "starting_with": null,
                "delayed_condition": null,
                "prefix_delayed_condition": null,
                "multi_target": null,
                "where_x_expression": null,
                "unless_pay": null
              }
            ],
            "kind": "Activated",
            "continuation_kind": null,
            "player_scope_rewrite": "Apply",
            "chain_rounding": null,
            "actor": null,
            "in_trigger": false,
            "repeat_until": null
          },
          "shell": {
            "sub_link": null,
            "cost": {
              "type": "Composite",
              "costs": [
                {
                  "type": "Mana",
                  "cost": {
                    "type": "Cost",
                    "shards": [],
                    "generic": 2
                  }
                },
                {
                  "type": "Tap"
                }
              ]
            },
            "description": "{2}, {T}: ~ becomes a copy of target land, except it has this ability.",
            "stages": [
              "NormalizeActivatedManaInstead",
              "ExtractCostReduction",
              "ExtractManaSpendTrigger"
            ]
          },
          "die_results": [],
          "root_transforms": []
        }
      }
    }
  ],
  "source_text": "{T}: Add {C}.\n{2}, {T}: This land becomes a copy of target land, except it has this ability.",
  "card_name": "Thespian's Stage"
}
