---
source: crates/engine/src/parser/oracle_ir/snapshot_tests.rs
expression: "&ir"
---
{
  "items": [
    {
      "id": 0,
      "source": {
        "id": {
          "item": 0,
          "ordinal": 0
        },
        "span": {
          "first_line": 0,
          "last_line": 0,
          "start_byte": 0,
          "end_byte": 66,
          "precision": "Exact",
          "ordinal_within_span": 0
        },
        "fragment": "Kicker {G} (You may pay an additional {G} as you cast this spell.)"
      },
      "node": {
        "Keyword": {
          "Kicker": {
            "type": "Cost",
            "shards": [
              "Green"
            ],
            "generic": 0
          }
        }
      }
    },
    {
      "id": 2,
      "source": {
        "id": {
          "item": 2,
          "ordinal": 0
        },
        "span": {
          "first_line": 0,
          "last_line": 0,
          "start_byte": 0,
          "end_byte": 66,
          "precision": "Exact",
          "ordinal_within_span": 1
        },
        "fragment": "Kicker {G} (You may pay an additional {G} as you cast this spell.)"
      },
      "node": {
        "AdditionalCost": {
          "type": "Kicker",
          "data": {
            "costs": [
              {
                "type": "Mana",
                "cost": {
                  "type": "Cost",
                  "shards": [
                    "Green"
                  ],
                  "generic": 0
                }
              }
            ]
          }
        }
      }
    },
    {
      "id": 1,
      "source": {
        "id": {
          "item": 1,
          "ordinal": 0
        },
        "span": {
          "first_line": 1,
          "last_line": 1,
          "start_byte": 67,
          "end_byte": 229,
          "precision": "Exact",
          "ordinal_within_span": 0
        },
        "fragment": "Target creature can't be the target of spells or abilities your opponents control this turn. If this spell was kicked, that creature gets +4/+4 until end of turn."
      },
      "node": {
        "Spell": {
          "source_text": "Target creature can't be the target of spells or abilities your opponents control this turn. If this spell was kicked, that creature gets +4/+4 until end of turn.",
          "body": {
            "clauses": [
              {
                "id": 0,
                "source": {
                  "id": {
                    "item": 0,
                    "ordinal": 1
                  },
                  "span": {
                    "first_line": 0,
                    "last_line": 0,
                    "start_byte": 0,
                    "end_byte": 91,
                    "precision": "ChainRelative",
                    "ordinal_within_span": 0
                  },
                  "fragment": "Target creature can't be the target of spells or abilities your opponents control this turn"
                },
                "disposition": {
                  "Emit": {
                    "followup": null,
                    "intrinsic": null
                  }
                },
                "parsed": {
                  "effect": {
                    "type": "GenericEffect",
                    "static_abilities": [
                      {
                        "mode": "Continuous",
                        "affected": {
                          "type": "ParentTarget"
                        },
                        "modifications": [
                          {
                            "type": "AddKeyword",
                            "keyword": "Hexproof"
                          }
                        ],
                        "condition": null,
                        "affected_zone": null,
                        "effect_zone": null,
                        "active_zones": [],
                        "characteristic_defining": false,
                        "description": "can't be the target of spells or abilities your opponents control"
                      }
                    ],
                    "duration": "UntilEndOfTurn",
                    "target": {
                      "type": "Typed",
                      "type_filters": [
                        "Creature"
                      ],
                      "controller": null,
                      "properties": []
                    }
                  },
                  "duration": "UntilEndOfTurn",
                  "sub_ability": null,
                  "distribute": null,
                  "multi_target": null,
                  "condition": null,
                  "optional": false,
                  "unless_pay": null
                },
                "boundary": "Sentence",
                "condition": null,
                "is_optional": false,
                "opponent_may_scope": null,
                "repeat_for": null,
                "player_scope": null,
                "starting_with": null,
                "delayed_condition": null,
                "prefix_delayed_condition": null,
                "multi_target": null,
                "where_x_expression": null,
                "unless_pay": null
              },
              {
                "id": 1,
                "source": {
                  "id": {
                    "item": 0,
                    "ordinal": 2
                  },
                  "span": {
                    "first_line": 0,
                    "last_line": 0,
                    "start_byte": 93,
                    "end_byte": 161,
                    "precision": "ChainRelative",
                    "ordinal_within_span": 1
                  },
                  "fragment": "If this spell was kicked, that creature gets +4/+4 until end of turn"
                },
                "disposition": {
                  "Emit": {
                    "followup": null,
                    "intrinsic": null
                  }
                },
                "parsed": {
                  "effect": {
                    "type": "Pump",
                    "power": {
                      "type": "Fixed",
                      "value": 4
                    },
                    "toughness": {
                      "type": "Fixed",
                      "value": 4
                    },
                    "target": {
                      "type": "ParentTarget"
                    }
                  },
                  "duration": "UntilEndOfTurn",
                  "sub_ability": null,
                  "distribute": null,
                  "multi_target": null,
                  "condition": null,
                  "optional": false,
                  "unless_pay": null
                },
                "boundary": "Sentence",
                "condition": {
                  "type": "AdditionalCostPaid"
                },
                "is_optional": false,
                "opponent_may_scope": null,
                "repeat_for": null,
                "player_scope": null,
                "starting_with": null,
                "delayed_condition": null,
                "prefix_delayed_condition": null,
                "multi_target": null,
                "where_x_expression": null,
                "unless_pay": null
              }
            ],
            "kind": "Spell",
            "continuation_kind": null,
            "player_scope_rewrite": "Apply",
            "chain_rounding": null,
            "actor": null,
            "in_trigger": false,
            "repeat_until": null
          },
          "shell": {
            "sub_link": null
          },
          "die_results": [],
          "root_transforms": [
            {
              "SetMinXValue": 0
            },
            {
              "SetDescription": "Target creature can't be the target of spells or abilities your opponents control this turn. If this spell was kicked, that creature gets +4/+4 until end of turn."
            }
          ]
        }
      }
    }
  ],
  "source_text": "Kicker {G} (You may pay an additional {G} as you cast this spell.)\nTarget creature can't be the target of spells or abilities your opponents control this turn. If this spell was kicked, that creature gets +4/+4 until end of turn.",
  "card_name": "Vines of Vastwood"
}
