---
source: crates/engine/src/parser/oracle_ir/snapshot_tests.rs
expression: "&ir"
---
{
  "items": [
    {
      "id": 0,
      "source": {
        "id": {
          "item": 0,
          "ordinal": 0
        },
        "span": {
          "first_line": 0,
          "last_line": 0,
          "start_byte": 0,
          "end_byte": 74,
          "precision": "Exact",
          "ordinal_within_span": 0
        },
        "fragment": "{4}{B}, {T}: Target player discards two cards. Activate only as a sorcery."
      },
      "node": {
        "Spell": {
          "source_text": "Target player discards two cards",
          "body": {
            "clauses": [
              {
                "id": 0,
                "source": {
                  "id": {
                    "item": 0,
                    "ordinal": 1
                  },
                  "span": {
                    "first_line": 0,
                    "last_line": 0,
                    "start_byte": 0,
                    "end_byte": 32,
                    "precision": "ChainRelative",
                    "ordinal_within_span": 0
                  },
                  "fragment": "Target player discards two cards"
                },
                "disposition": {
                  "Emit": {
                    "followup": null,
                    "intrinsic": null
                  }
                },
                "parsed": {
                  "effect": {
                    "type": "Discard",
                    "count": {
                      "type": "Fixed",
                      "value": 2
                    },
                    "target": {
                      "type": "Player"
                    }
                  },
                  "duration": null,
                  "sub_ability": null,
                  "distribute": null,
                  "multi_target": null,
                  "condition": null,
                  "optional": false,
                  "unless_pay": null
                },
                "boundary": null,
                "condition": null,
                "is_optional": false,
                "opponent_may_scope": null,
                "repeat_for": null,
                "player_scope": null,
                "starting_with": null,
                "delayed_condition": null,
                "prefix_delayed_condition": null,
                "multi_target": null,
                "where_x_expression": null,
                "unless_pay": null
              }
            ],
            "kind": "Activated",
            "continuation_kind": null,
            "player_scope_rewrite": "Apply",
            "chain_rounding": null,
            "actor": null,
            "in_trigger": false,
            "repeat_until": null
          },
          "shell": {
            "sub_link": null,
            "cost": {
              "type": "Composite",
              "costs": [
                {
                  "type": "Mana",
                  "cost": {
                    "type": "Cost",
                    "shards": [
                      "Black"
                    ],
                    "generic": 4
                  }
                },
                {
                  "type": "Tap"
                }
              ]
            },
            "activation_restrictions": [
              {
                "type": "AsSorcery"
              }
            ],
            "description": "{4}{B}, {T}: Target player discards two cards. Activate only as a sorcery.",
            "stages": [
              "NormalizeActivatedManaInstead",
              "ExtractCostReduction",
              "ExtractManaSpendTrigger"
            ]
          },
          "die_results": [],
          "root_transforms": []
        }
      }
    },
    {
      "id": 1,
      "source": {
        "id": {
          "item": 1,
          "ordinal": 0
        },
        "span": {
          "first_line": 1,
          "last_line": 1,
          "start_byte": 75,
          "end_byte": 179,
          "precision": "Exact",
          "ordinal_within_span": 0
        },
        "fragment": "Channel — {5}{B}{B}, Discard this card: Target player discards four cards. Activate only as a sorcery."
      },
      "node": {
        "Spell": {
          "source_text": "Target player discards four cards",
          "body": {
            "clauses": [
              {
                "id": 0,
                "source": {
                  "id": {
                    "item": 0,
                    "ordinal": 1
                  },
                  "span": {
                    "first_line": 0,
                    "last_line": 0,
                    "start_byte": 0,
                    "end_byte": 33,
                    "precision": "ChainRelative",
                    "ordinal_within_span": 0
                  },
                  "fragment": "Target player discards four cards"
                },
                "disposition": {
                  "Emit": {
                    "followup": null,
                    "intrinsic": null
                  }
                },
                "parsed": {
                  "effect": {
                    "type": "Discard",
                    "count": {
                      "type": "Fixed",
                      "value": 4
                    },
                    "target": {
                      "type": "Player"
                    }
                  },
                  "duration": null,
                  "sub_ability": null,
                  "distribute": null,
                  "multi_target": null,
                  "condition": null,
                  "optional": false,
                  "unless_pay": null
                },
                "boundary": null,
                "condition": null,
                "is_optional": false,
                "opponent_may_scope": null,
                "repeat_for": null,
                "player_scope": null,
                "starting_with": null,
                "delayed_condition": null,
                "prefix_delayed_condition": null,
                "multi_target": null,
                "where_x_expression": null,
                "unless_pay": null
              }
            ],
            "kind": "Activated",
            "continuation_kind": null,
            "player_scope_rewrite": "Apply",
            "chain_rounding": null,
            "actor": null,
            "in_trigger": false,
            "repeat_until": null
          },
          "shell": {
            "sub_link": null,
            "cost": {
              "type": "Composite",
              "costs": [
                {
                  "type": "Mana",
                  "cost": {
                    "type": "Cost",
                    "shards": [
                      "Black",
                      "Black"
                    ],
                    "generic": 5
                  }
                },
                {
                  "type": "Discard",
                  "count": {
                    "type": "Fixed",
                    "value": 1
                  },
                  "filter": null,
                  "random": false,
                  "self_ref": true
                }
              ]
            },
            "activation_restrictions": [
              {
                "type": "AsSorcery"
              }
            ],
            "activation_zone": "Hand",
            "description": "Channel — {5}{B}{B}, Discard this card: Target player discards four cards. Activate only as a sorcery.",
            "stages": [
              "ExtractCostReduction",
              "ExtractManaSpendTrigger"
            ]
          },
          "die_results": [],
          "root_transforms": []
        }
      }
    }
  ],
  "source_text": "{4}{B}, {T}: Target player discards two cards. Activate only as a sorcery.\nChannel — {5}{B}{B}, Discard this card: Target player discards four cards. Activate only as a sorcery.",
  "card_name": "Ghost-Lit Stalker"
}
