---
source: crates/engine/src/parser/oracle_ir/snapshot_tests.rs
expression: "&ir"
---
{
  "items": [
    {
      "id": 0,
      "source": {
        "id": {
          "item": 0,
          "ordinal": 0
        },
        "span": {
          "first_line": 0,
          "last_line": 0,
          "start_byte": 0,
          "end_byte": 6,
          "precision": "Exact",
          "ordinal_within_span": 0
        },
        "fragment": "Flying"
      },
      "node": {
        "Unsupported": {
          "unsupported": {
            "category": "Unknown",
            "fragment": "Flying",
            "description": "Flying"
          },
          "min_x_value": 0
        }
      }
    },
    {
      "id": 1,
      "source": {
        "id": {
          "item": 1,
          "ordinal": 0
        },
        "span": {
          "first_line": 1,
          "last_line": 1,
          "start_byte": 7,
          "end_byte": 84,
          "precision": "Exact",
          "ordinal_within_span": 0
        },
        "fragment": "Whenever ~ attacks or blocks, you may draw a card. If you do, discard a card."
      },
      "node": {
        "Trigger": {
          "Parsed": {
            "condition": "AttacksOrBlocks",
            "partial_def": {
              "mode": "AttacksOrBlocks",
              "execute": null,
              "valid_card": {
                "type": "SelfRef"
              },
              "origin": null,
              "destination": null,
              "trigger_zones": [
                "Battlefield"
              ],
              "phase": null,
              "optional": false,
              "damage_kind": "Any",
              "secondary": false,
              "valid_target": null,
              "valid_source": null,
              "description": null,
              "constraint": null,
              "condition": null,
              "batched": false
            },
            "body": {
              "EffectChain": {
                "clauses": [
                  {
                    "id": 0,
                    "source": {
                      "id": {
                        "item": 0,
                        "ordinal": 1
                      },
                      "span": {
                        "first_line": 0,
                        "last_line": 0,
                        "start_byte": 0,
                        "end_byte": 19,
                        "precision": "ChainRelative",
                        "ordinal_within_span": 0
                      },
                      "fragment": "you may draw a card"
                    },
                    "disposition": {
                      "Emit": {
                        "followup": null,
                        "intrinsic": null
                      }
                    },
                    "parsed": {
                      "effect": {
                        "type": "Draw",
                        "count": {
                          "type": "Fixed",
                          "value": 1
                        },
                        "target": {
                          "type": "Controller"
                        }
                      },
                      "duration": null,
                      "sub_ability": null,
                      "distribute": null,
                      "multi_target": null,
                      "condition": null,
                      "optional": false,
                      "unless_pay": null
                    },
                    "boundary": "Sentence",
                    "condition": null,
                    "is_optional": true,
                    "opponent_may_scope": null,
                    "repeat_for": null,
                    "player_scope": null,
                    "starting_with": null,
                    "delayed_condition": null,
                    "prefix_delayed_condition": null,
                    "multi_target": null,
                    "where_x_expression": null,
                    "unless_pay": null
                  },
                  {
                    "id": 1,
                    "source": {
                      "id": {
                        "item": 0,
                        "ordinal": 2
                      },
                      "span": {
                        "first_line": 0,
                        "last_line": 0,
                        "start_byte": 21,
                        "end_byte": 46,
                        "precision": "ChainRelative",
                        "ordinal_within_span": 1
                      },
                      "fragment": "If you do, discard a card"
                    },
                    "disposition": {
                      "Emit": {
                        "followup": null,
                        "intrinsic": null
                      }
                    },
                    "parsed": {
                      "effect": {
                        "type": "Discard",
                        "count": {
                          "type": "Fixed",
                          "value": 1
                        },
                        "target": {
                          "type": "Controller"
                        }
                      },
                      "duration": null,
                      "sub_ability": null,
                      "distribute": null,
                      "multi_target": null,
                      "condition": null,
                      "optional": false,
                      "unless_pay": null
                    },
                    "boundary": null,
                    "condition": {
                      "type": "EffectOutcome",
                      "signal": "OptionalEffectPerformed"
                    },
                    "is_optional": false,
                    "opponent_may_scope": null,
                    "repeat_for": null,
                    "player_scope": null,
                    "starting_with": null,
                    "delayed_condition": null,
                    "prefix_delayed_condition": null,
                    "multi_target": null,
                    "where_x_expression": null,
                    "unless_pay": null
                  }
                ],
                "kind": "Spell",
                "continuation_kind": null,
                "player_scope_rewrite": "Apply",
                "chain_rounding": null,
                "actor": null,
                "in_trigger": true,
                "repeat_until": null
              }
            },
            "modifiers": {
              "optional": true,
              "unless_pay": null,
              "intervening_if": null,
              "trigger_subject": {
                "type": "SelfRef"
              },
              "first_time_limit": null,
              "constraint": null,
              "has_up_to": false,
              "effect_lower": "you may draw a card. if you do, discard a card.",
              "relative_player_scope": null
            },
            "source_text": "Whenever ~ attacks or blocks, you may draw a card. If you do, discard a card.",
            "die_results": []
          }
        }
      }
    },
    {
      "id": 2,
      "source": {
        "id": {
          "item": 2,
          "ordinal": 0
        },
        "span": {
          "first_line": 2,
          "last_line": 2,
          "start_byte": 85,
          "end_byte": 211,
          "precision": "Exact",
          "ordinal_within_span": 0
        },
        "fragment": "Crew 1 (Tap any number of creatures you control with total power 1 or more: ~ becomes an artifact creature until end of turn.)"
      },
      "node": {
        "Keyword": {
          "Crew": {
            "power": 1,
            "once_per_turn": null
          }
        }
      }
    }
  ],
  "source_text": "Flying\nWhenever this Vehicle attacks or blocks, you may draw a card. If you do, discard a card.\nCrew 1 (Tap any number of creatures you control with total power 1 or more: This Vehicle becomes an artifact creature until end of turn.)",
  "card_name": "Smuggler's Copter"
}
