---
source: crates/engine/src/parser/oracle_ir/snapshot_tests.rs
expression: "&ir"
---
{
  "items": [
    {
      "id": 1,
      "source": {
        "id": {
          "item": 1,
          "ordinal": 0
        },
        "span": {
          "first_line": 0,
          "last_line": 0,
          "start_byte": 0,
          "end_byte": 139,
          "precision": "Exact",
          "ordinal_within_span": 0
        },
        "fragment": "As an additional cost to cast this spell, you may collect evidence 8. (Exile cards with total mana value 8 or greater from your graveyard.)"
      },
      "node": {
        "AdditionalCost": {
          "type": "Optional",
          "data": {
            "cost": {
              "type": "CollectEvidence",
              "amount": 8
            }
          }
        }
      }
    },
    {
      "id": 0,
      "source": {
        "id": {
          "item": 0,
          "ordinal": 0
        },
        "span": {
          "first_line": 1,
          "last_line": 1,
          "start_byte": 140,
          "end_byte": 321,
          "precision": "Exact",
          "ordinal_within_span": 0
        },
        "fragment": "Search your library for a basic land card. If evidence was collected, instead search your library for a creature or land card. Reveal that card, put it into your hand, then shuffle."
      },
      "node": {
        "Spell": {
          "source_text": "Search your library for a basic land card. If evidence was collected, instead search your library for a creature or land card. Reveal that card, put it into your hand, then shuffle.",
          "body": {
            "clauses": [
              {
                "id": 0,
                "source": {
                  "id": {
                    "item": 0,
                    "ordinal": 1
                  },
                  "span": {
                    "first_line": 0,
                    "last_line": 0,
                    "start_byte": 0,
                    "end_byte": 41,
                    "precision": "ChainRelative",
                    "ordinal_within_span": 0
                  },
                  "fragment": "Search your library for a basic land card"
                },
                "disposition": {
                  "Emit": {
                    "followup": null,
                    "intrinsic": {
                      "SearchDestination": {
                        "destination": "Hand",
                        "enter_tapped": false,
                        "enters_under": "Default",
                        "reveal": true,
                        "attach_host": null
                      }
                    }
                  }
                },
                "parsed": {
                  "effect": {
                    "type": "SearchLibrary",
                    "filter": {
                      "type": "Typed",
                      "type_filters": [
                        "Land"
                      ],
                      "controller": null,
                      "properties": [
                        {
                          "type": "HasSupertype",
                          "value": "Basic"
                        }
                      ]
                    },
                    "count": {
                      "type": "Fixed",
                      "value": 1
                    },
                    "reveal": false
                  },
                  "duration": null,
                  "sub_ability": null,
                  "distribute": null,
                  "multi_target": null,
                  "condition": null,
                  "optional": false,
                  "unless_pay": null
                },
                "boundary": "Sentence",
                "condition": null,
                "is_optional": false,
                "opponent_may_scope": null,
                "repeat_for": null,
                "player_scope": null,
                "starting_with": null,
                "delayed_condition": null,
                "prefix_delayed_condition": null,
                "multi_target": null,
                "where_x_expression": null,
                "unless_pay": null
              },
              {
                "id": 1,
                "source": {
                  "id": {
                    "item": 0,
                    "ordinal": 2
                  },
                  "span": {
                    "first_line": 0,
                    "last_line": 0,
                    "start_byte": 43,
                    "end_byte": 125,
                    "precision": "ChainRelative",
                    "ordinal_within_span": 1
                  },
                  "fragment": "If evidence was collected, instead search your library for a creature or land card"
                },
                "disposition": {
                  "FoldSearchIntoElse": {
                    "intrinsic": {
                      "SearchDestination": {
                        "destination": "Hand",
                        "enter_tapped": false,
                        "enters_under": "Default",
                        "reveal": true,
                        "attach_host": null
                      }
                    }
                  }
                },
                "parsed": {
                  "effect": {
                    "type": "SearchLibrary",
                    "filter": {
                      "type": "Or",
                      "filters": [
                        {
                          "type": "Typed",
                          "type_filters": [
                            "Creature"
                          ],
                          "controller": null,
                          "properties": []
                        },
                        {
                          "type": "Typed",
                          "type_filters": [
                            "Land"
                          ],
                          "controller": null,
                          "properties": []
                        }
                      ]
                    },
                    "count": {
                      "type": "Fixed",
                      "value": 1
                    },
                    "reveal": false
                  },
                  "duration": null,
                  "sub_ability": null,
                  "distribute": null,
                  "multi_target": null,
                  "condition": null,
                  "optional": false,
                  "unless_pay": null
                },
                "boundary": "Sentence",
                "condition": {
                  "type": "AdditionalCostPaidInstead"
                },
                "is_optional": false,
                "opponent_may_scope": null,
                "repeat_for": null,
                "player_scope": null,
                "starting_with": null,
                "delayed_condition": null,
                "prefix_delayed_condition": null,
                "multi_target": null,
                "where_x_expression": null,
                "unless_pay": null
              },
              {
                "id": 2,
                "source": {
                  "id": {
                    "item": 0,
                    "ordinal": 3
                  },
                  "span": {
                    "first_line": 0,
                    "last_line": 0,
                    "start_byte": 127,
                    "end_byte": 143,
                    "precision": "ChainRelative",
                    "ordinal_within_span": 2
                  },
                  "fragment": "Reveal that card"
                },
                "disposition": {
                  "Continue": {
                    "continuation": "SearchResultClauseHandled"
                  }
                },
                "parsed": {
                  "effect": {
                    "type": "Reveal",
                    "target": {
                      "type": "ParentTarget"
                    }
                  },
                  "duration": null,
                  "sub_ability": null,
                  "distribute": null,
                  "multi_target": null,
                  "condition": null,
                  "optional": false,
                  "unless_pay": null
                },
                "boundary": "Comma",
                "condition": null,
                "is_optional": false,
                "opponent_may_scope": null,
                "repeat_for": null,
                "player_scope": null,
                "starting_with": null,
                "delayed_condition": null,
                "prefix_delayed_condition": null,
                "multi_target": null,
                "where_x_expression": null,
                "unless_pay": null
              },
              {
                "id": 3,
                "source": {
                  "id": {
                    "item": 0,
                    "ordinal": 4
                  },
                  "span": {
                    "first_line": 0,
                    "last_line": 0,
                    "start_byte": 145,
                    "end_byte": 166,
                    "precision": "ChainRelative",
                    "ordinal_within_span": 3
                  },
                  "fragment": "put it into your hand"
                },
                "disposition": {
                  "Continue": {
                    "continuation": "SearchResultClauseHandled"
                  }
                },
                "parsed": {
                  "effect": {
                    "type": "ChangeZone",
                    "origin": null,
                    "destination": "Hand",
                    "target": {
                      "type": "ParentTarget"
                    },
                    "owner_library": false,
                    "enter_transformed": false,
                    "enter_tapped": false,
                    "enters_attacking": false
                  },
                  "duration": null,
                  "sub_ability": null,
                  "distribute": null,
                  "multi_target": null,
                  "condition": null,
                  "optional": false,
                  "unless_pay": null
                },
                "boundary": "Then",
                "condition": null,
                "is_optional": false,
                "opponent_may_scope": null,
                "repeat_for": null,
                "player_scope": null,
                "starting_with": null,
                "delayed_condition": null,
                "prefix_delayed_condition": null,
                "multi_target": null,
                "where_x_expression": null,
                "unless_pay": null
              },
              {
                "id": 4,
                "source": {
                  "id": {
                    "item": 0,
                    "ordinal": 5
                  },
                  "span": {
                    "first_line": 0,
                    "last_line": 0,
                    "start_byte": 173,
                    "end_byte": 180,
                    "precision": "ChainRelative",
                    "ordinal_within_span": 4
                  },
                  "fragment": "shuffle"
                },
                "disposition": {
                  "Emit": {
                    "followup": null,
                    "intrinsic": null
                  }
                },
                "parsed": {
                  "effect": {
                    "type": "Shuffle",
                    "target": {
                      "type": "Controller"
                    }
                  },
                  "duration": null,
                  "sub_ability": null,
                  "distribute": null,
                  "multi_target": null,
                  "condition": null,
                  "optional": false,
                  "unless_pay": null
                },
                "boundary": "Sentence",
                "condition": null,
                "is_optional": false,
                "opponent_may_scope": null,
                "repeat_for": null,
                "player_scope": null,
                "starting_with": null,
                "delayed_condition": null,
                "prefix_delayed_condition": null,
                "multi_target": null,
                "where_x_expression": null,
                "unless_pay": null
              }
            ],
            "kind": "Spell",
            "continuation_kind": null,
            "player_scope_rewrite": "Apply",
            "chain_rounding": null,
            "actor": null,
            "in_trigger": false,
            "repeat_until": null
          },
          "shell": {
            "sub_link": null
          },
          "die_results": [],
          "root_transforms": [
            {
              "SetMinXValue": 0
            },
            {
              "SetDescription": "Search your library for a basic land card. If evidence was collected, instead search your library for a creature or land card. Reveal that card, put it into your hand, then shuffle."
            }
          ]
        }
      }
    }
  ],
  "source_text": "As an additional cost to cast this spell, you may collect evidence 8. (Exile cards with total mana value 8 or greater from your graveyard.)\nSearch your library for a basic land card. If evidence was collected, instead search your library for a creature or land card. Reveal that card, put it into your hand, then shuffle.",
  "card_name": "Analyze the Pollen"
}
