---
source: crates/engine/src/parser/oracle_ir/snapshot_tests.rs
expression: "&lowered"
---
{
  "abilities": [],
  "triggers": [
    {
      "mode": "Exerted",
      "execute": {
        "kind": "Spell",
        "effect": {
          "type": "SetTapState",
          "target": {
            "type": "Typed",
            "type_filters": [
              "Creature"
            ],
            "controller": "You",
            "properties": [
              {
                "type": "Another"
              }
            ]
          },
          "scope": {
            "type": "All"
          },
          "state": {
            "type": "Untap"
          }
        },
        "cost": null,
        "sub_ability": null,
        "duration": null,
        "description": null,
        "target_prompt": null,
        "condition": null,
        "optional_targeting": false,
        "optional": false,
        "forward_result": false
      },
      "valid_card": {
        "type": "SelfRef"
      },
      "origin": null,
      "destination": null,
      "trigger_zones": [
        "Battlefield"
      ],
      "phase": null,
      "optional": false,
      "damage_kind": "Any",
      "secondary": false,
      "valid_target": null,
      "valid_source": null,
      "description": "You may exert ~ as it attacks. When you do, untap all other creatures you control.",
      "constraint": null,
      "condition": null,
      "batched": false
    }
  ],
  "statics": [],
  "replacements": [],
  "extractedKeywords": []
}
