---
source: crates/engine/src/parser/oracle_ir/snapshot_tests.rs
expression: "&ir"
---
{
  "items": [
    {
      "id": 0,
      "source": {
        "id": {
          "item": 0,
          "ordinal": 0
        },
        "span": {
          "first_line": 0,
          "last_line": 0,
          "start_byte": 0,
          "end_byte": 111,
          "precision": "Exact",
          "ordinal_within_span": 0
        },
        "fragment": "When this ~ enters, create a 2/1 black Skeleton creature token and suspect it. (It has menace and can't block.)"
      },
      "node": {
        "Trigger": {
          "Parsed": {
            "condition": "ChangesZone",
            "partial_def": {
              "mode": "ChangesZone",
              "execute": null,
              "valid_card": {
                "type": "SelfRef"
              },
              "origin": null,
              "destination": "Battlefield",
              "trigger_zones": [
                "Battlefield"
              ],
              "phase": null,
              "optional": false,
              "damage_kind": "Any",
              "secondary": false,
              "valid_target": null,
              "valid_source": null,
              "description": null,
              "constraint": null,
              "condition": null,
              "batched": false
            },
            "body": {
              "EffectChain": {
                "clauses": [
                  {
                    "id": 0,
                    "source": {
                      "id": {
                        "item": 0,
                        "ordinal": 1
                      },
                      "span": {
                        "first_line": 0,
                        "last_line": 0,
                        "start_byte": 0,
                        "end_byte": 57,
                        "precision": "ChainRelative",
                        "ordinal_within_span": 0
                      },
                      "fragment": "create a 2/1 black Skeleton creature token and suspect it"
                    },
                    "disposition": {
                      "Emit": {
                        "followup": null,
                        "intrinsic": null
                      }
                    },
                    "parsed": {
                      "effect": {
                        "type": "Token",
                        "name": "Skeleton",
                        "power": {
                          "type": "Fixed",
                          "value": 2
                        },
                        "toughness": {
                          "type": "Fixed",
                          "value": 1
                        },
                        "types": [
                          "Creature",
                          "Skeleton"
                        ],
                        "colors": [
                          "Black"
                        ],
                        "keywords": [],
                        "tapped": false,
                        "count": {
                          "type": "Fixed",
                          "value": 1
                        },
                        "owner": {
                          "type": "Controller"
                        },
                        "enters_attacking": false
                      },
                      "duration": null,
                      "sub_ability": null,
                      "distribute": null,
                      "multi_target": null,
                      "condition": null,
                      "optional": false,
                      "unless_pay": null
                    },
                    "boundary": null,
                    "condition": null,
                    "is_optional": false,
                    "opponent_may_scope": null,
                    "repeat_for": null,
                    "player_scope": null,
                    "starting_with": null,
                    "delayed_condition": null,
                    "prefix_delayed_condition": null,
                    "multi_target": null,
                    "where_x_expression": null,
                    "unless_pay": null
                  }
                ],
                "kind": "Spell",
                "continuation_kind": null,
                "player_scope_rewrite": "Apply",
                "chain_rounding": null,
                "actor": null,
                "in_trigger": true,
                "repeat_until": null
              }
            },
            "modifiers": {
              "optional": false,
              "unless_pay": null,
              "intervening_if": null,
              "trigger_subject": {
                "type": "SelfRef"
              },
              "first_time_limit": null,
              "constraint": null,
              "has_up_to": false,
              "effect_lower": "create a 2/1 black skeleton creature token and suspect it.",
              "relative_player_scope": null
            },
            "source_text": "When this ~ enters, create a 2/1 black Skeleton creature token and suspect it.",
            "die_results": []
          }
        }
      }
    },
    {
      "id": 2,
      "source": {
        "id": {
          "item": 2,
          "ordinal": 0
        },
        "span": {
          "first_line": 1,
          "last_line": 1,
          "start_byte": 112,
          "end_byte": 216,
          "precision": "Exact",
          "ordinal_within_span": 0
        },
        "fragment": "To solve — You control no suspected Skeletons. (If unsolved, solve at the beginning of your end step.)"
      },
      "node": {
        "SolveCondition": {
          "type": "ObjectCount",
          "filter": {
            "type": "Typed",
            "type_filters": [
              "Creature",
              {
                "Subtype": "Skeleton"
              }
            ],
            "controller": "You",
            "properties": [
              {
                "type": "Suspected"
              }
            ]
          },
          "comparator": "EQ",
          "threshold": 0
        }
      }
    },
    {
      "id": 1,
      "source": {
        "id": {
          "item": 1,
          "ordinal": 0
        },
        "span": {
          "first_line": 2,
          "last_line": 2,
          "start_byte": 217,
          "end_byte": 350,
          "precision": "Exact",
          "ordinal_within_span": 0
        },
        "fragment": "Solved — {1}{B}, Sacrifice this ~: Search your library for a card, put it into your hand, then shuffle. Activate only as a sorcery."
      },
      "node": {
        "Spell": {
          "source_text": "Search your library for a card, put it into your hand, then shuffle",
          "body": {
            "clauses": [
              {
                "id": 0,
                "source": {
                  "id": {
                    "item": 0,
                    "ordinal": 1
                  },
                  "span": {
                    "first_line": 0,
                    "last_line": 0,
                    "start_byte": 0,
                    "end_byte": 53,
                    "precision": "ChainRelative",
                    "ordinal_within_span": 0
                  },
                  "fragment": "Search your library for a card, put it into your hand"
                },
                "disposition": {
                  "Emit": {
                    "followup": null,
                    "intrinsic": {
                      "SearchDestination": {
                        "destination": "Hand",
                        "enter_tapped": false,
                        "enters_under": "Default",
                        "reveal": false,
                        "attach_host": null
                      }
                    }
                  }
                },
                "parsed": {
                  "effect": {
                    "type": "SearchLibrary",
                    "filter": {
                      "type": "Typed",
                      "type_filters": [
                        "Card"
                      ],
                      "controller": null,
                      "properties": []
                    },
                    "count": {
                      "type": "Fixed",
                      "value": 1
                    },
                    "reveal": false
                  },
                  "duration": null,
                  "sub_ability": null,
                  "distribute": null,
                  "multi_target": null,
                  "condition": null,
                  "optional": false,
                  "unless_pay": null
                },
                "boundary": "Then",
                "condition": null,
                "is_optional": false,
                "opponent_may_scope": null,
                "repeat_for": null,
                "player_scope": null,
                "starting_with": null,
                "delayed_condition": null,
                "prefix_delayed_condition": null,
                "multi_target": null,
                "where_x_expression": null,
                "unless_pay": null
              },
              {
                "id": 1,
                "source": {
                  "id": {
                    "item": 0,
                    "ordinal": 2
                  },
                  "span": {
                    "first_line": 0,
                    "last_line": 0,
                    "start_byte": 60,
                    "end_byte": 67,
                    "precision": "ChainRelative",
                    "ordinal_within_span": 1
                  },
                  "fragment": "shuffle"
                },
                "disposition": {
                  "Emit": {
                    "followup": null,
                    "intrinsic": null
                  }
                },
                "parsed": {
                  "effect": {
                    "type": "Shuffle",
                    "target": {
                      "type": "Controller"
                    }
                  },
                  "duration": null,
                  "sub_ability": null,
                  "distribute": null,
                  "multi_target": null,
                  "condition": null,
                  "optional": false,
                  "unless_pay": null
                },
                "boundary": null,
                "condition": null,
                "is_optional": false,
                "opponent_may_scope": null,
                "repeat_for": null,
                "player_scope": null,
                "starting_with": null,
                "delayed_condition": null,
                "prefix_delayed_condition": null,
                "multi_target": null,
                "where_x_expression": null,
                "unless_pay": null
              }
            ],
            "kind": "Activated",
            "continuation_kind": null,
            "player_scope_rewrite": "Apply",
            "chain_rounding": null,
            "actor": null,
            "in_trigger": false,
            "repeat_until": null
          },
          "shell": {
            "sub_link": null,
            "cost": {
              "type": "Composite",
              "costs": [
                {
                  "type": "Mana",
                  "cost": {
                    "type": "Cost",
                    "shards": [
                      "Black"
                    ],
                    "generic": 1
                  }
                },
                {
                  "type": "Sacrifice",
                  "target": {
                    "type": "SelfRef"
                  },
                  "count": 1
                }
              ]
            },
            "activation_restrictions": [
              {
                "type": "IsSolved"
              },
              {
                "type": "AsSorcery"
              }
            ],
            "description": "Solved — {1}{B}, Sacrifice this ~: Search your library for a card, put it into your hand, then shuffle. Activate only as a sorcery."
          },
          "die_results": [],
          "root_transforms": []
        }
      }
    }
  ],
  "source_text": "When this Case enters, create a 2/1 black Skeleton creature token and suspect it. (It has menace and can't block.)\nTo solve — You control no suspected Skeletons. (If unsolved, solve at the beginning of your end step.)\nSolved — {1}{B}, Sacrifice this Case: Search your library for a card, put it into your hand, then shuffle. Activate only as a sorcery.",
  "card_name": "Case of the Stashed Skeleton"
}
