---
source: crates/engine/src/parser/oracle_ir/snapshot_tests.rs
expression: "&ir"
---
{
  "items": [
    {
      "id": 0,
      "source": {
        "id": {
          "item": 0,
          "ordinal": 0
        },
        "span": {
          "first_line": 0,
          "last_line": 0,
          "start_byte": 0,
          "end_byte": 127,
          "precision": "Exact",
          "ordinal_within_span": 0
        },
        "fragment": "{2}{B}: If ~ is suspected, put a +1/+1 counter on it. Otherwise, suspect it. (A suspected creature has menace and can't block.)"
      },
      "node": {
        "PreLoweredSpell": {
          "kind": "Activated",
          "effect": {
            "type": "PutCounter",
            "counter_type": "P1P1",
            "count": {
              "type": "Fixed",
              "value": 1
            },
            "target": {
              "type": "SelfRef"
            }
          },
          "cost": {
            "type": "Mana",
            "cost": {
              "type": "Cost",
              "shards": [
                "Black"
              ],
              "generic": 2
            }
          },
          "sub_ability": null,
          "else_ability": {
            "kind": "Activated",
            "effect": {
              "type": "Suspect",
              "target": {
                "type": "SelfRef"
              },
              "scope": {
                "type": "Single"
              }
            },
            "cost": null,
            "sub_ability": null,
            "duration": null,
            "description": null,
            "target_prompt": null,
            "condition": null,
            "optional_targeting": false,
            "optional": false,
            "forward_result": false
          },
          "duration": null,
          "description": "{2}{B}: If ~ is suspected, put a +1/+1 counter on it. Otherwise, suspect it.",
          "target_prompt": null,
          "condition": {
            "type": "SourceMatchesFilter",
            "filter": {
              "type": "Typed",
              "type_filters": [],
              "controller": null,
              "properties": [
                {
                  "type": "Suspected"
                }
              ]
            }
          },
          "optional_targeting": false,
          "optional": false,
          "forward_result": false
        }
      }
    }
  ],
  "source_text": "{2}{B}: If this creature is suspected, put a +1/+1 counter on it. Otherwise, suspect it. (A suspected creature has menace and can't block.)",
  "card_name": "Repeat Offender"
}
